[STUB] Would save issue 3cc612 to .bugit/issues/3cc612.json
